\BOOKMARK [0][-]{chapter.1}{\376\377\000I\000n\000t\000r\000o\000d\000u\000c\000t\000i\000o\000n}{}% 1
\BOOKMARK [0][-]{chapter.2}{\376\377\000T\000h\000e\000o\000r\000e\000t\000i\000c\000a\000l\000\040\000b\000a\000c\000k\000g\000r\000o\000u\000n\000d}{}% 2
\BOOKMARK [1][-]{section.2.1}{\376\377\000A\000t\000m\000o\000s\000p\000h\000e\000r\000i\000c\000\040\000s\000i\000g\000n\000a\000l}{chapter.2}% 3
\BOOKMARK [1][-]{section.2.2}{\376\377\000T\000a\000r\000g\000e\000t\000\040\000s\000u\000r\000f\000a\000c\000e\000\040\000s\000i\000g\000n\000a\000l}{chapter.2}% 4
\BOOKMARK [1][-]{section.2.3}{\376\377\000E\000n\000v\000i\000r\000o\000n\000m\000e\000n\000t\000a\000l\000\040\000s\000i\000g\000n\000a\000l}{chapter.2}% 5
\BOOKMARK [1][-]{section.2.4}{\376\377\000T\000h\000e\000\040\000M\000E\000\040\000o\000v\000e\000r\000\040\000L\000a\000m\000b\000e\000r\000t\000i\000a\000n\000\040\000s\000u\000r\000f\000a\000c\000e\000s}{chapter.2}% 6
\BOOKMARK [1][-]{section.2.5}{\376\377\000T\000h\000e\000\040\000M\000E\000\040\000o\000v\000e\000r\000\040\000h\000o\000m\000o\000g\000e\000n\000e\000o\000u\000s\000\040\000L\000a\000m\000b\000e\000r\000t\000i\000a\000n\000\040\000s\000u\000r\000f\000a\000c\000e\000s}{chapter.2}% 7
\BOOKMARK [1][-]{section.2.6}{\376\377\000A\000p\000p\000l\000i\000c\000a\000t\000i\000o\000n\000\040\000o\000f\000\040\000t\000h\000e\000\040\000M\000E\000s\000\040\000t\000o\000\040\000r\000e\000m\000o\000t\000e\000\040\000o\000b\000s\000e\000r\000v\000a\000t\000i\000o\000n\000\040\000d\000a\000t\000a}{chapter.2}% 8
\BOOKMARK [0][-]{chapter.3}{\376\377\000T\000h\000e\000\040\000s\000p\000a\000t\000i\000a\000l\000l\000y\000-\000r\000e\000s\000o\000l\000v\000e\000d\000\040\000s\000p\000h\000e\000r\000i\000c\000a\000l\000\040\000a\000l\000b\000e\000d\000o\000\040\000f\000u\000n\000c\000t\000i\000o\000n}{}% 9
\BOOKMARK [0][-]{chapter.4}{\376\377\000T\000h\000e\000\040\000a\000t\000m\000o\000s\000p\000h\000e\000r\000i\000c\000\040\000p\000o\000i\000n\000t\000\040\000s\000p\000r\000e\000a\000d\000\040\000f\000u\000n\000c\000t\000i\000o\000n}{}% 10
\BOOKMARK [0][-]{chapter.5}{\376\377\000E\000s\000t\000i\000m\000a\000t\000i\000o\000n\000\040\000o\000f\000\040\000a\000t\000m\000o\000s\000p\000h\000e\000r\000i\000c\000\040\000o\000p\000t\000i\000c\000a\000l\000\040\000p\000r\000o\000p\000e\000r\000t\000i\000e\000s}{}% 11
\BOOKMARK [1][-]{section.5.1}{\376\377\000A\000e\000r\000o\000s\000o\000l\000\040\000e\000s\000t\000i\000m\000a\000t\000i\000o\000n\000\040\000o\000v\000e\000r\000\040\000h\000o\000m\000o\000g\000e\000n\000e\000o\000u\000s\000\040\000s\000u\000r\000f\000a\000c\000e\000s}{chapter.5}% 12
\BOOKMARK [1][-]{section.5.2}{\376\377\000A\000e\000r\000o\000s\000o\000l\000\040\000e\000s\000t\000i\000m\000a\000t\000i\000o\000n\000\040\000o\000v\000e\000r\000\040\000h\000e\000t\000e\000r\000o\000g\000e\000n\000e\000o\000u\000s\000\040\000s\000u\000r\000f\000a\000c\000e\000s}{chapter.5}% 13
\BOOKMARK [2][-]{subsection.5.2.1}{\376\377\000D\000e\000t\000e\000c\000t\000i\000o\000n\000\040\000o\000f\000\040\000d\000a\000r\000k\000e\000s\000t\000\040\000p\000i\000x\000e\000l\000s\000\040\000a\000t\000\040\000t\000h\000e\000\040\000s\000u\000r\000f\000a\000c\000e}{section.5.2}% 14
\BOOKMARK [2][-]{subsection.5.2.2}{\376\377\000E\000s\000t\000i\000m\000a\000t\000i\000o\000n\000\040\000o\000f\000\040\000a\000e\000r\000o\000s\000o\000l\000\040\000p\000r\000o\000p\000e\000r\000t\000i\000e\000s}{section.5.2}% 15
\BOOKMARK [1][-]{section*.17}{\376\377\000N\000o\000t\000e\000s}{chapter.5}% 16
\BOOKMARK [0][-]{chapter.6}{\376\377\000R\000e\000t\000r\000i\000e\000v\000a\000l\000\040\000o\000f\000\040\000s\000u\000r\000f\000a\000c\000e\000\040\000r\000e\000f\000l\000e\000c\000t\000a\000n\000c\000e\000s}{}% 17
\BOOKMARK [1][-]{section.6.1}{\376\377\000R\000e\000t\000r\000i\000e\000v\000a\000l\000\040\000o\000v\000e\000r\000\040\000H\000o\000m\000o\000g\000e\000n\000e\000o\000u\000s\000\040\000L\000a\000m\000b\000e\000r\000t\000i\000a\000n\000\040\000s\000u\000r\000f\000a\000c\000e\000s}{chapter.6}% 18
\BOOKMARK [1][-]{section.6.2}{\376\377\000R\000e\000t\000r\000i\000e\000v\000a\000l\000\040\000o\000v\000e\000r\000\040\000H\000e\000t\000e\000r\000o\000g\000e\000n\000e\000o\000u\000s\000\040\000L\000a\000m\000b\000e\000r\000t\000i\000a\000n\000\040\000s\000u\000r\000f\000a\000c\000e\000s}{chapter.6}% 19
\BOOKMARK [0][-]{chapter.7}{\376\377\000F\000i\000n\000i\000t\000e\000\040\000s\000p\000a\000t\000i\000a\000l\000\040\000e\000x\000t\000e\000n\000t\000s}{}% 20
\BOOKMARK [1][-]{section.7.1}{\376\377\000I\000n\000c\000o\000m\000p\000l\000e\000t\000e\000\040\000s\000p\000a\000t\000i\000a\000l\000\040\000k\000e\000r\000n\000e\000l\000s}{chapter.7}% 21
\BOOKMARK [1][-]{section.7.2}{\376\377\000I\000n\000c\000o\000m\000p\000l\000e\000t\000e\000\040\000s\000u\000r\000r\000o\000u\000n\000d\000i\000n\000g\000\040\000a\000r\000e\000a\000s}{chapter.7}% 22
\BOOKMARK [1][-]{section.7.3}{\376\377\000C\000o\000n\000s\000e\000q\000u\000e\000n\000c\000e\000s\000\040\000o\000f\000\040\000s\000p\000a\000t\000i\000a\000l\000\040\000f\000i\000n\000i\000t\000e\000\040\000k\000e\000r\000n\000e\000l\000s\000\040\000i\000n\000\040\000E\000O}{chapter.7}% 23
\BOOKMARK [0][-]{chapter.8}{\376\377\000E\000v\000a\000l\000u\000a\000t\000i\000o\000n\000:\000\040\000S\000i\000m\000u\000l\000a\000t\000e\000d\000\040\000s\000c\000e\000n\000e\000\040\0001}{}% 24
\BOOKMARK [1][-]{section.8.1}{\376\377\000E\000v\000a\000l\000u\000a\000t\000i\000o\000n\000\040\000o\000f\000\040\000T\000S\000D\000S\000F}{chapter.8}% 25
\BOOKMARK [1][-]{section.8.2}{\376\377\000E\000v\000a\000l\000u\000a\000t\000i\000o\000n\000\040\000o\000f\000\040\000R\000A\000d\000C\000o\000r}{chapter.8}% 26
\BOOKMARK [1][-]{section.8.3}{\376\377\000C\000o\000m\000b\000i\000n\000e\000d\000\040\000e\000v\000a\000l\000u\000a\000t\000i\000o\000n\000\040\000o\000f\000\040\000T\000S\000D\000S\000F\000\040\000a\000n\000d\000\040\000R\000A\000d\000C\000o\000r}{chapter.8}% 27
\BOOKMARK [0][-]{chapter.9}{\376\377\000E\000v\000a\000l\000u\000a\000t\000i\000o\000n\000:\000\040\000S\000i\000m\000u\000l\000a\000t\000e\000d\000\040\000s\000c\000e\000n\000e\000\040\0002}{}% 28
\BOOKMARK [1][-]{section.9.1}{\376\377\000E\000v\000a\000l\000u\000a\000t\000i\000o\000n\000\040\000o\000f\000\040\000T\000S\000D\000S\000F}{chapter.9}% 29
\BOOKMARK [1][-]{section.9.2}{\376\377\000E\000v\000a\000l\000u\000a\000t\000i\000o\000n\000\040\000o\000f\000\040\000R\000A\000d\000C\000o\000r}{chapter.9}% 30
\BOOKMARK [1][-]{section.9.3}{\376\377\000C\000o\000m\000b\000i\000n\000e\000d\000\040\000e\000v\000a\000l\000u\000a\000t\000i\000o\000n\000\040\000o\000f\000\040\000T\000S\000D\000S\000F\000\040\000a\000n\000d\000\040\000R\000A\000d\000C\000o\000r}{chapter.9}% 31
\BOOKMARK [0][-]{section*.37}{\376\377\000A\000p\000p\000e\000n\000d\000i\000c\000e\000s}{}% 32
\BOOKMARK [0][-]{appendix.a.A}{\376\377\000P\000s\000e\000u\000d\000o\000-\000c\000o\000d\000e\000:\000\040\000T\000S\000D\000S\000F}{}% 33
\BOOKMARK [0][-]{appendix.a.B}{\376\377\000P\000s\000e\000u\000d\000o\000-\000c\000o\000d\000e\000:\000\040\000R\000A\000d\000C\000o\000r}{}% 34
\BOOKMARK [0][-]{appendix.a.C}{\376\377\000R\000a\000d\000i\000a\000t\000i\000v\000e\000\040\000t\000r\000a\000n\000s\000f\000e\000r\000\040\000s\000i\000m\000u\000l\000a\000t\000i\000o\000n\000s}{}% 35
\BOOKMARK [1][-]{section.a.C.1}{\376\377\000T\000r\000a\000n\000s\000m\000i\000t\000t\000a\000n\000c\000e\000\040\000a\000n\000d\000\040\000r\000e\000f\000l\000e\000c\000t\000a\000n\000c\000e\000\040\000k\000e\000r\000n\000e\000l\000s\000\040\000i\000n\000\040\000A\000C\000O\000L\000I\000T\000E}{appendix.a.C}% 36
\BOOKMARK [1][-]{section.a.C.2}{\376\377\000R\000a\000d\000i\000a\000t\000i\000v\000e\000\040\000t\000r\000a\000n\000s\000f\000e\000r\000\040\000s\000i\000m\000u\000l\000a\000t\000i\000o\000n\000s}{appendix.a.C}% 37
