This is pdfTeX, Version 3.141592653-2.6-1.40.24 (TeX Live 2022/Debian) (preloaded format=pdflatex 2023.8.17)  16 DEC 2024 10:40
entering extended mode
 restricted \write18 enabled.
 %&-line parsing enabled.
**radcor_D_2_1_ATB.tex
(./radcor_D_2_1_ATB.tex
LaTeX2e <2022-11-01> patch level 1
L3 programming layer <2023-01-16>
(/usr/share/texlive/texmf-dist/tex/latex/base/book.cls
Document Class: book 2022/07/02 v1.4n Standard LaTeX document class
(/usr/share/texlive/texmf-dist/tex/latex/base/fleqn.clo
File: fleqn.clo 2016/12/29 v1.2b Standard LaTeX option (flush left equations)
\mathindent=\skip48
Applying: [2015/01/01] Make \[ robust on input line 50.
LaTeX Info: Redefining \[ on input line 51.
Already applied: [0000/00/00] Make \[ robust on input line 62.
Applying: [2015/01/01] Make \] robust on input line 74.
LaTeX Info: Redefining \] on input line 75.
Already applied: [0000/00/00] Make \] robust on input line 83.
)
(/usr/share/texlive/texmf-dist/tex/latex/base/bk11.clo
File: bk11.clo 2022/07/02 v1.4n Standard LaTeX file (size option)
)
\c@part=\count185
\c@chapter=\count186
\c@section=\count187
\c@subsection=\count188
\c@subsubsection=\count189
\c@paragraph=\count190
\c@subparagraph=\count191
\c@figure=\count192
\c@table=\count193
\abovecaptionskip=\skip49
\belowcaptionskip=\skip50
\bibindent=\dimen140
)
(/usr/share/texlive/texmf-dist/tex/latex/geometry/geometry.sty
Package: geometry 2020/01/02 v5.9 Page Geometry

(/usr/share/texlive/texmf-dist/tex/latex/graphics/keyval.sty
Package: keyval 2022/05/29 v1.15 key=value parser (DPC)
\KV@toks@=\toks16
)
(/usr/share/texlive/texmf-dist/tex/generic/iftex/ifvtex.sty
Package: ifvtex 2019/10/25 v1.7 ifvtex legacy package. Use iftex instead.

(/usr/share/texlive/texmf-dist/tex/generic/iftex/iftex.sty
Package: iftex 2022/02/03 v1.0f TeX engine tests
))
\Gm@cnth=\count194
\Gm@cntv=\count195
\c@Gm@tempcnt=\count196
\Gm@bindingoffset=\dimen141
\Gm@wd@mp=\dimen142
\Gm@odd@mp=\dimen143
\Gm@even@mp=\dimen144
\Gm@layoutwidth=\dimen145
\Gm@layoutheight=\dimen146
\Gm@layouthoffset=\dimen147
\Gm@layoutvoffset=\dimen148
\Gm@dimlist=\toks17
)
(/usr/share/texlive/texmf-dist/tex/latex/mathtools/mathtools.sty
Package: mathtools 2022/06/29 v1.29 mathematical typesetting tools

(/usr/share/texlive/texmf-dist/tex/latex/tools/calc.sty
Package: calc 2017/05/25 v4.3 Infix arithmetic (KKT,FJ)
\calc@Acount=\count197
\calc@Bcount=\count198
\calc@Adimen=\dimen149
\calc@Bdimen=\dimen150
\calc@Askip=\skip51
\calc@Bskip=\skip52
LaTeX Info: Redefining \setlength on input line 80.
LaTeX Info: Redefining \addtolength on input line 81.
\calc@Ccount=\count199
\calc@Cskip=\skip53
)
(/usr/share/texlive/texmf-dist/tex/latex/mathtools/mhsetup.sty
Package: mhsetup 2021/03/18 v1.4 programming setup (MH)
)
(/usr/share/texlive/texmf-dist/tex/latex/amsmath/amsmath.sty
Package: amsmath 2022/04/08 v2.17n AMS math features
\@mathmargin=\skip54

For additional information on amsmath, use the `?' option.
(/usr/share/texlive/texmf-dist/tex/latex/amsmath/amstext.sty
Package: amstext 2021/08/26 v2.01 AMS text

(/usr/share/texlive/texmf-dist/tex/latex/amsmath/amsgen.sty
File: amsgen.sty 1999/11/30 v2.0 generic functions
\@emptytoks=\toks18
\ex@=\dimen151
))
(/usr/share/texlive/texmf-dist/tex/latex/amsmath/amsbsy.sty
Package: amsbsy 1999/11/29 v1.2d Bold Symbols
\pmbraise@=\dimen152
)
(/usr/share/texlive/texmf-dist/tex/latex/amsmath/amsopn.sty
Package: amsopn 2022/04/08 v2.04 operator names
)
\inf@bad=\count266
LaTeX Info: Redefining \frac on input line 234.
\uproot@=\count267
\leftroot@=\count268
LaTeX Info: Redefining \overline on input line 399.
LaTeX Info: Redefining \colon on input line 410.
\classnum@=\count269
\DOTSCASE@=\count270
LaTeX Info: Redefining \ldots on input line 496.
LaTeX Info: Redefining \dots on input line 499.
LaTeX Info: Redefining \cdots on input line 620.
\Mathstrutbox@=\box51
\strutbox@=\box52
LaTeX Info: Redefining \big on input line 722.
LaTeX Info: Redefining \Big on input line 723.
LaTeX Info: Redefining \bigg on input line 724.
LaTeX Info: Redefining \Bigg on input line 725.
\big@size=\dimen153
LaTeX Font Info:    Redeclaring font encoding OML on input line 743.
LaTeX Font Info:    Redeclaring font encoding OMS on input line 744.
\macc@depth=\count271
LaTeX Info: Redefining \bmod on input line 905.
LaTeX Info: Redefining \pmod on input line 910.
LaTeX Info: Redefining \smash on input line 940.
LaTeX Info: Redefining \relbar on input line 970.
LaTeX Info: Redefining \Relbar on input line 971.
\c@MaxMatrixCols=\count272
\dotsspace@=\muskip16
\c@parentequation=\count273
\dspbrk@lvl=\count274
\tag@help=\toks19
\row@=\count275
\column@=\count276
\maxfields@=\count277
\andhelp@=\toks20
\eqnshift@=\dimen154
\alignsep@=\dimen155
\tagshift@=\dimen156
\tagwidth@=\dimen157
\totwidth@=\dimen158
\lineht@=\dimen159
\@envbody=\toks21
\multlinegap=\skip55
\multlinetaggap=\skip56
\mathdisplay@stack=\toks22
LaTeX Info: Redefining \[ on input line 2953.
LaTeX Info: Redefining \] on input line 2954.
)
\g_MT_multlinerow_int=\count278
\l_MT_multwidth_dim=\dimen160
\origjot=\skip57
\l_MT_shortvdotswithinadjustabove_dim=\dimen161
\l_MT_shortvdotswithinadjustbelow_dim=\dimen162
\l_MT_above_intertext_sep=\dimen163
\l_MT_below_intertext_sep=\dimen164
\l_MT_above_shortintertext_sep=\dimen165
\l_MT_below_shortintertext_sep=\dimen166
\xmathstrut@box=\box53
\xmathstrut@dim=\dimen167
)
(/usr/share/texlive/texmf-dist/tex/latex/amsfonts/amssymb.sty
Package: amssymb 2013/01/14 v3.01 AMS font symbols

(/usr/share/texlive/texmf-dist/tex/latex/amsfonts/amsfonts.sty
Package: amsfonts 2013/01/14 v3.01 Basic AMSFonts support
\symAMSa=\mathgroup4
\symAMSb=\mathgroup5
LaTeX Font Info:    Redeclaring math symbol \hbar on input line 98.
LaTeX Font Info:    Overwriting math alphabet `\mathfrak' in version `bold'
(Font)                  U/euf/m/n --> U/euf/b/n on input line 106.
))
(/usr/share/texlive/texmf-dist/tex/latex/natbib/natbib.sty
Package: natbib 2010/09/13 8.31b (PWD, AO)
\bibhang=\skip58
\bibsep=\skip59
LaTeX Info: Redefining \cite on input line 694.
\c@NAT@ctr=\count279
)
(/usr/share/texlive/texmf-dist/tex/latex/lineno/lineno.sty
Package: lineno 2023/01/19 line numbers on paragraphs v5.1
\linenopenalty=\count280
\output=\toks23
\linenoprevgraf=\count281
\linenumbersep=\dimen168
\linenumberwidth=\dimen169
\c@linenumber=\count282
\c@pagewiselinenumber=\count283
\c@LN@truepage=\count284
\c@internallinenumber=\count285
\c@internallinenumbers=\count286
\quotelinenumbersep=\dimen170
\bframerule=\dimen171
\bframesep=\dimen172
\bframebox=\box54

(/usr/share/texlive/texmf-dist/tex/latex/etoolbox/etoolbox.sty
Package: etoolbox 2020/10/05 v2.5k e-TeX tools for LaTeX (JAW)
\etb@tempcnta=\count287
)
\linenoamsmath@ams@eqpen=\count288
LaTeX Info: Redefining \\ on input line 3131.
)
(/usr/share/texlive/texmf-dist/tex/latex/preprint/authblk.sty
Package: authblk 2001/02/27 1.3 (PWD)
\affilsep=\skip60
\@affilsep=\skip61
\c@Maxaffil=\count289
\c@authors=\count290
\c@affil=\count291
)
(/usr/share/texlive/texmf-dist/tex/latex/siunitx/siunitx.sty
Package: siunitx 2023-01-03 v3.2.0 A comprehensive (SI) units package
\l__siunitx_angle_tmp_dim=\dimen173
\l__siunitx_angle_marker_box=\box55
\l__siunitx_angle_unit_box=\box56
\l__siunitx_compound_count_int=\count292

(/usr/share/texlive/texmf-dist/tex/latex/translations/translations.sty
Package: translations 2022/02/05 v1.12 internationalization of LaTeX2e packages
 (CN)

(/usr/share/texlive/texmf-dist/tex/generic/pdftexcmds/pdftexcmds.sty
Package: pdftexcmds 2020-06-27 v0.33 Utility functions of pdfTeX for LuaTeX (HO
)

(/usr/share/texlive/texmf-dist/tex/generic/infwarerr/infwarerr.sty
Package: infwarerr 2019/12/03 v1.5 Providing info/warning/error messages (HO)
)
(/usr/share/texlive/texmf-dist/tex/generic/ltxcmds/ltxcmds.sty
Package: ltxcmds 2020-05-10 v1.25 LaTeX kernel commands for general use (HO)
)
Package pdftexcmds Info: \pdf@primitive is available.
Package pdftexcmds Info: \pdf@ifprimitive is available.
Package pdftexcmds Info: \pdfdraftmode found.
))
\l__siunitx_number_exponent_fixed_int=\count293
\l__siunitx_number_min_decimal_int=\count294
\l__siunitx_number_min_integer_int=\count295
\l__siunitx_number_round_precision_int=\count296
\l__siunitx_number_lower_threshold_int=\count297
\l__siunitx_number_upper_threshold_int=\count298
\l__siunitx_number_group_first_int=\count299
\l__siunitx_number_group_size_int=\count300
\l__siunitx_number_group_minimum_int=\count301
\l__siunitx_table_tmp_box=\box57
\l__siunitx_table_tmp_dim=\dimen174
\l__siunitx_table_column_width_dim=\dimen175
\l__siunitx_table_integer_box=\box58
\l__siunitx_table_decimal_box=\box59
\l__siunitx_table_uncert_box=\box60
\l__siunitx_table_before_box=\box61
\l__siunitx_table_after_box=\box62
\l__siunitx_table_before_dim=\dimen176
\l__siunitx_table_carry_dim=\dimen177
\l__siunitx_unit_tmp_int=\count302
\l__siunitx_unit_position_int=\count303
\l__siunitx_unit_total_int=\count304

(/usr/share/texlive/texmf-dist/tex/latex/tools/array.sty
Package: array 2022/09/04 v2.5g Tabular extension package (FMi)
\col@sep=\dimen178
\ar@mcellbox=\box63
\extrarowheight=\dimen179
\NC@list=\toks24
\extratabsurround=\skip62
\backup@length=\skip63
\ar@cellbox=\box64
))
(/usr/share/texlive/texmf-dist/tex/latex/graphics/graphicx.sty
Package: graphicx 2021/09/16 v1.2d Enhanced LaTeX Graphics (DPC,SPQR)

(/usr/share/texlive/texmf-dist/tex/latex/graphics/graphics.sty
Package: graphics 2022/03/10 v1.4e Standard LaTeX Graphics (DPC,SPQR)

(/usr/share/texlive/texmf-dist/tex/latex/graphics/trig.sty
Package: trig 2021/08/11 v1.11 sin cos tan (DPC)
)
(/usr/share/texlive/texmf-dist/tex/latex/graphics-cfg/graphics.cfg
File: graphics.cfg 2016/06/04 v1.11 sample graphics configuration
)
Package graphics Info: Driver file: pdftex.def on input line 107.

(/usr/share/texlive/texmf-dist/tex/latex/graphics-def/pdftex.def
File: pdftex.def 2022/09/22 v1.2b Graphics/color driver for pdftex
))
\Gin@req@height=\dimen180
\Gin@req@width=\dimen181
)
(/usr/share/texlive/texmf-dist/tex/latex/adjustbox/trimclip.sty
Package: trimclip 2020/08/19 v1.2 Trim and clip general TeX material

(/usr/share/texlive/texmf-dist/tex/latex/collectbox/collectbox.sty
Package: collectbox 2022/10/17 v0.4c Collect macro arguments as boxes
\collectedbox=\box65
)
(/usr/share/texlive/texmf-dist/tex/latex/adjustbox/adjcalc.sty
Package: adjcalc 2012/05/16 v1.1 Provides advanced setlength with multiple back
-ends (calc, etex, pgfmath)

(/usr/share/texlive/texmf-dist/tex/latex/xkeyval/xkeyval.sty
Package: xkeyval 2022/06/16 v2.9 package option processing (HA)

(/usr/share/texlive/texmf-dist/tex/generic/xkeyval/xkeyval.tex
(/usr/share/texlive/texmf-dist/tex/generic/xkeyval/xkvutils.tex
\XKV@toks=\toks25
\XKV@tempa@toks=\toks26
)
\XKV@depth=\count305
File: xkeyval.tex 2014/12/03 v2.7a key=value parser (HA)
)))
\tc@llx=\dimen182
\tc@lly=\dimen183
\tc@urx=\dimen184
\tc@ury=\dimen185
Package trimclip Info: Using driver 'tc-pdftex.def'.

(/usr/share/texlive/texmf-dist/tex/latex/adjustbox/tc-pdftex.def
File: tc-pdftex.def 2019/01/04 v2.2 Clipping driver for pdftex
))
(/usr/share/texlive/texmf-dist/tex/latex/parskip/parskip.sty
Package: parskip 2021-03-14 v2.0h non-zero parskip adjustments

(/usr/share/texlive/texmf-dist/tex/latex/kvoptions/kvoptions.sty
Package: kvoptions 2022-06-15 v3.15 Key value format for package options (HO)

(/usr/share/texlive/texmf-dist/tex/latex/kvsetkeys/kvsetkeys.sty
Package: kvsetkeys 2022-10-05 v1.19 Key value parser (HO)
)))
(/usr/share/texlive/texmf-dist/tex/latex/setspace/setspace.sty
Package: setspace 2022/12/04 v6.7b set line spacing
)
(/usr/share/texlive/texmf-dist/tex/latex/caption/caption.sty
Package: caption 2022/03/01 v3.6b Customizing captions (AR)

(/usr/share/texlive/texmf-dist/tex/latex/caption/caption3.sty
Package: caption3 2022/03/17 v2.3b caption3 kernel (AR)
\caption@tempdima=\dimen186
\captionmargin=\dimen187
\caption@leftmargin=\dimen188
\caption@rightmargin=\dimen189
\caption@width=\dimen190
\caption@indent=\dimen191
\caption@parindent=\dimen192
\caption@hangindent=\dimen193
Package caption Info: Standard document class detected.
)
\c@caption@flags=\count306
\c@continuedfloat=\count307
)
(/usr/share/texlive/texmf-dist/tex/latex/caption/subcaption.sty
Package: subcaption 2022/01/07 v1.5 Sub-captions (AR)
\c@subfigure=\count308
\c@subtable=\count309
)
(/usr/share/texlive/texmf-dist/tex/latex/appendix/appendix.sty
Package: appendix 2020/02/08 v1.2c extra appendix facilities
\c@@pps=\count310
\c@@ppsavesec=\count311
\c@@ppsaveapp=\count312
)
(/usr/share/texlive/texmf-dist/tex/latex/hyperref/hyperref.sty
Package: hyperref 2022-11-13 v7.00u Hypertext links for LaTeX

(/usr/share/texlive/texmf-dist/tex/generic/kvdefinekeys/kvdefinekeys.sty
Package: kvdefinekeys 2019-12-19 v1.6 Define keys (HO)
)
(/usr/share/texlive/texmf-dist/tex/generic/pdfescape/pdfescape.sty
Package: pdfescape 2019/12/09 v1.15 Implements pdfTeX's escape features (HO)
)
(/usr/share/texlive/texmf-dist/tex/latex/hycolor/hycolor.sty
Package: hycolor 2020-01-27 v1.10 Color options for hyperref/bookmark (HO)
)
(/usr/share/texlive/texmf-dist/tex/latex/letltxmacro/letltxmacro.sty
Package: letltxmacro 2019/12/03 v1.6 Let assignment for LaTeX macros (HO)
)
(/usr/share/texlive/texmf-dist/tex/latex/auxhook/auxhook.sty
Package: auxhook 2019-12-17 v1.6 Hooks for auxiliary files (HO)
)
(/usr/share/texlive/texmf-dist/tex/latex/hyperref/nameref.sty
Package: nameref 2022-05-17 v2.50 Cross-referencing by name of section

(/usr/share/texlive/texmf-dist/tex/latex/refcount/refcount.sty
Package: refcount 2019/12/15 v3.6 Data extraction from label references (HO)
)
(/usr/share/texlive/texmf-dist/tex/generic/gettitlestring/gettitlestring.sty
Package: gettitlestring 2019/12/15 v1.6 Cleanup title references (HO)
)
\c@section@level=\count313
)
\@linkdim=\dimen194
\Hy@linkcounter=\count314
\Hy@pagecounter=\count315

(/usr/share/texlive/texmf-dist/tex/latex/hyperref/pd1enc.def
File: pd1enc.def 2022-11-13 v7.00u Hyperref: PDFDocEncoding definition (HO)
Now handling font encoding PD1 ...
... no UTF-8 mapping file for font encoding PD1
)
(/usr/share/texlive/texmf-dist/tex/generic/intcalc/intcalc.sty
Package: intcalc 2019/12/15 v1.3 Expandable calculations with integers (HO)
)
(/usr/share/texlive/texmf-dist/tex/generic/etexcmds/etexcmds.sty
Package: etexcmds 2019/12/15 v1.7 Avoid name clashes with e-TeX commands (HO)
)
\Hy@SavedSpaceFactor=\count316

(/usr/share/texlive/texmf-dist/tex/latex/hyperref/puenc.def
File: puenc.def 2022-11-13 v7.00u Hyperref: PDF Unicode definition (HO)
Now handling font encoding PU ...
... no UTF-8 mapping file for font encoding PU
)
Package hyperref Info: Hyper figures OFF on input line 4162.
Package hyperref Info: Link nesting OFF on input line 4167.
Package hyperref Info: Hyper index ON on input line 4170.
Package hyperref Info: Plain pages OFF on input line 4177.
Package hyperref Info: Backreferencing OFF on input line 4182.
Package hyperref Info: Implicit mode ON; LaTeX internals redefined.
Package hyperref Info: Bookmarks ON on input line 4410.
\c@Hy@tempcnt=\count317

(/usr/share/texlive/texmf-dist/tex/latex/url/url.sty
\Urlmuskip=\muskip17
Package: url 2013/09/16  ver 3.4  Verb mode for urls, etc.
)
LaTeX Info: Redefining \url on input line 4748.
\XeTeXLinkMargin=\dimen195

(/usr/share/texlive/texmf-dist/tex/generic/bitset/bitset.sty
Package: bitset 2019/12/09 v1.3 Handle bit-vector datatype (HO)

(/usr/share/texlive/texmf-dist/tex/generic/bigintcalc/bigintcalc.sty
Package: bigintcalc 2019/12/15 v1.5 Expandable calculations on big integers (HO
)
))
\Fld@menulength=\count318
\Field@Width=\dimen196
\Fld@charsize=\dimen197
Package hyperref Info: Hyper figures OFF on input line 6027.
Package hyperref Info: Link nesting OFF on input line 6032.
Package hyperref Info: Hyper index ON on input line 6035.
Package hyperref Info: backreferencing OFF on input line 6042.
Package hyperref Info: Link coloring OFF on input line 6047.
Package hyperref Info: Link coloring with OCG OFF on input line 6052.
Package hyperref Info: PDF/A mode OFF on input line 6057.

(/usr/share/texlive/texmf-dist/tex/latex/base/atbegshi-ltx.sty
Package: atbegshi-ltx 2021/01/10 v1.0c Emulation of the original atbegshi
package with kernel methods
)
\Hy@abspage=\count319
\c@Item=\count320
\c@Hfootnote=\count321
)
Package hyperref Info: Driver (autodetected): hpdftex.

(/usr/share/texlive/texmf-dist/tex/latex/hyperref/hpdftex.def
File: hpdftex.def 2022-11-13 v7.00u Hyperref driver for pdfTeX

(/usr/share/texlive/texmf-dist/tex/latex/base/atveryend-ltx.sty
Package: atveryend-ltx 2020/08/19 v1.0a Emulation of the original atveryend pac
kage
with kernel methods
)
\Fld@listcount=\count322
\c@bookmark@seq@number=\count323

(/usr/share/texlive/texmf-dist/tex/latex/rerunfilecheck/rerunfilecheck.sty
Package: rerunfilecheck 2022-07-10 v1.10 Rerun checks for auxiliary files (HO)

(/usr/share/texlive/texmf-dist/tex/generic/uniquecounter/uniquecounter.sty
Package: uniquecounter 2019/12/15 v1.4 Provide unlimited unique counter (HO)
)
Package uniquecounter Info: New unique counter `rerunfilecheck' on input line 2
85.
)
\Hy@SectionHShift=\skip64
)
(/usr/share/texlive/texmf-dist/tex/latex/xcolor/xcolor.sty
Package: xcolor 2022/06/12 v2.14 LaTeX color extensions (UK)

(/usr/share/texlive/texmf-dist/tex/latex/graphics-cfg/color.cfg
File: color.cfg 2016/01/02 v1.6 sample color configuration
)
Package xcolor Info: Package option `usenames' ignored on input line 218.
Package xcolor Info: Driver file: pdftex.def on input line 227.

(/usr/share/texlive/texmf-dist/tex/latex/graphics/mathcolor.ltx)
Package xcolor Info: Model `cmy' substituted by `cmy0' on input line 1353.
Package xcolor Info: Model `hsb' substituted by `rgb' on input line 1357.
Package xcolor Info: Model `RGB' extended on input line 1369.
Package xcolor Info: Model `HTML' substituted by `rgb' on input line 1371.
Package xcolor Info: Model `Hsb' substituted by `hsb' on input line 1372.
Package xcolor Info: Model `tHsb' substituted by `hsb' on input line 1373.
Package xcolor Info: Model `HSB' substituted by `hsb' on input line 1374.
Package xcolor Info: Model `Gray' substituted by `gray' on input line 1375.
Package xcolor Info: Model `wave' substituted by `hsb' on input line 1376.

(/usr/share/texlive/texmf-dist/tex/latex/graphics/dvipsnam.def
File: dvipsnam.def 2016/06/17 v3.0m Driver-dependent file (DPC,SPQR)
))
(/usr/share/texlive/texmf-dist/tex/latex/enotez/enotez.sty
(/usr/share/texlive/texmf-dist/tex/latex/l3kernel/expl3.sty
Package: expl3 2023-01-16 L3 programming layer (loader) 

(/usr/share/texlive/texmf-dist/tex/latex/l3backend/l3backend-pdftex.def
File: l3backend-pdftex.def 2023-01-16 L3 backend support: PDF output (pdfTeX)
\l__color_backend_stack_int=\count324
\l__pdf_internal_box=\box66
))
(/usr/share/texlive/texmf-dist/tex/latex/l3packages/xparse/xparse.sty
Package: xparse 2023-01-16 L3 Experimental document command parser
)
(/usr/share/texlive/texmf-dist/tex/latex/l3packages/l3keys2e/l3keys2e.sty
Package: l3keys2e 2023-01-16 LaTeX2e option processing using LaTeX3 keys
)
(/usr/share/texlive/texmf-dist/tex/latex/l3packages/xtemplate/xtemplate.sty
Package: xtemplate 2023-01-16 L3 Experimental prototype document functions
\l__xtemplate_tmp_dim=\dimen198
\l__xtemplate_tmp_int=\count325
\l__xtemplate_tmp_muskip=\muskip18
\l__xtemplate_tmp_skip=\skip65
)
Package: enotez 2022/01/04 v0.10d Endnotes for LaTeX2e
\l__enotez_list_preamble_skip=\skip66
\l__enotez_list_postamble_skip=\skip67
\g__enotez_endnote_id_int=\count326
\g__enotez_endnote_mark_int=\count327
\c@endnote=\count328
\g__enotez_list_printed_int=\count329
\l__enotez_tmpa_int=\count330

Package xtemplate Info: Declaring object type 'enotez-list' taking 1
(xtemplate)             argument(s) on line 473.

\l__enotez_list_notes_sep_dim=\dimen199
)
Package translations Info: No language package found. I am going to use `englis
h' as default language. on input line 80.

(./radcor_D_2_1_ATB.aux)
\openout1 = `radcor_D_2_1_ATB.aux'.

LaTeX Font Info:    Checking defaults for OML/cmm/m/it on input line 80.
LaTeX Font Info:    ... okay on input line 80.
LaTeX Font Info:    Checking defaults for OMS/cmsy/m/n on input line 80.
LaTeX Font Info:    ... okay on input line 80.
LaTeX Font Info:    Checking defaults for OT1/cmr/m/n on input line 80.
LaTeX Font Info:    ... okay on input line 80.
LaTeX Font Info:    Checking defaults for T1/cmr/m/n on input line 80.
LaTeX Font Info:    ... okay on input line 80.
LaTeX Font Info:    Checking defaults for TS1/cmr/m/n on input line 80.
LaTeX Font Info:    ... okay on input line 80.
LaTeX Font Info:    Checking defaults for OMX/cmex/m/n on input line 80.
LaTeX Font Info:    ... okay on input line 80.
LaTeX Font Info:    Checking defaults for U/cmr/m/n on input line 80.
LaTeX Font Info:    ... okay on input line 80.
LaTeX Font Info:    Checking defaults for PD1/pdf/m/n on input line 80.
LaTeX Font Info:    ... okay on input line 80.
LaTeX Font Info:    Checking defaults for PU/pdf/m/n on input line 80.
LaTeX Font Info:    ... okay on input line 80.

*geometry* driver: auto-detecting
*geometry* detected driver: pdftex
*geometry* verbose mode - [ preamble ] result:
* driver: pdftex
* paper: a4paper
* layout: <same size as paper>
* layoutoffset:(h,v)=(0.0pt,0.0pt)
* bindingoffset: 17.07164pt
* modes: twoside 
* h-part:(L,W,R)=(61.45795pt, 426.79134pt, 92.18695pt)
* v-part:(T,H,B)=(71.13188pt, 702.78308pt, 71.13188pt)
* \paperwidth=597.50787pt
* \paperheight=845.04684pt
* \textwidth=426.79134pt
* \textheight=702.78308pt
* \oddsidemargin=6.2596pt
* \evensidemargin=19.91696pt
* \topmargin=-33.0119pt
* \headheight=12.0pt
* \headsep=19.8738pt
* \topskip=11.0pt
* \footskip=27.46295pt
* \marginparwidth=116.0pt
* \marginparsep=7.0pt
* \columnsep=10.0pt
* \skip\footins=10.0pt plus 4.0pt minus 2.0pt
* \hoffset=0.0pt
* \voffset=0.0pt
* \mag=1000
* \@twocolumnfalse
* \@twosidetrue
* \@mparswitchtrue
* \@reversemarginfalse
* (1in=72.27pt=25.4mm, 1cm=28.453pt)


(/usr/share/texlive/texmf-dist/tex/latex/translations/translations-basic-dictio
nary-english.trsl
File: translations-basic-dictionary-english.trsl (english translation file `tra
nslations-basic-dictionary')
)
Package translations Info: loading dictionary `translations-basic-dictionary' f
or `english'. on input line 80.

(/usr/share/texlive/texmf-dist/tex/context/base/mkii/supp-pdf.mkii
[Loading MPS to PDF converter (version 2006.09.02).]
\scratchcounter=\count331
\scratchdimen=\dimen256
\scratchbox=\box67
\nofMPsegments=\count332
\nofMParguments=\count333
\everyMPshowfont=\toks27
\MPscratchCnt=\count334
\MPscratchDim=\dimen257
\MPnumerator=\count335
\makeMPintoPDFobject=\count336
\everyMPtoPDFconversion=\toks28
) (/usr/share/texlive/texmf-dist/tex/latex/epstopdf-pkg/epstopdf-base.sty
Package: epstopdf-base 2020-01-24 v2.11 Base part for package epstopdf
Package epstopdf-base Info: Redefining graphics rule for `.eps' on input line 4
85.

(/usr/share/texlive/texmf-dist/tex/latex/latexconfig/epstopdf-sys.cfg
File: epstopdf-sys.cfg 2010/07/13 v1.3 Configuration of (r)epstopdf for TeX Liv
e
))
Package caption Info: Begin \AtBeginDocument code.
Package caption Info: hyperref package is loaded.
Package caption Info: End \AtBeginDocument code.
Package hyperref Info: Link coloring OFF on input line 80.

(./radcor_D_2_1_ATB.out) (./radcor_D_2_1_ATB.out)
\@outlinefile=\write3
\openout3 = `radcor_D_2_1_ATB.out'.



pdfTeX warning: pdflatex (file ./images//radcor_logo_color.pdf): PDF inclusion:
 found PDF version <1.7>, but at most version <1.5> allowed
<images//radcor_logo_color.pdf, id=152, 963.6pt x 542.025pt>
File: images//radcor_logo_color.pdf Graphic file (type pdf)
<use images//radcor_logo_color.pdf>
Package pdftex.def Info: images//radcor_logo_color.pdf  used on input line 88.
(pdftex.def)             Requested size: 426.79134pt x 157.11835pt.
[1


{/var/lib/texmf/fonts/map/pdftex/updmap/pdftex.map} <./images//radcor_logo_colo
r.pdf>] [2

]
Underfull \hbox (badness 10000) in paragraph at lines 123--130

 []


Underfull \hbox (badness 10000) in paragraph at lines 131--136

 []

LaTeX Font Info:    Trying to load font information for U+msa on input line 139
.
(/usr/share/texlive/texmf-dist/tex/latex/amsfonts/umsa.fd
File: umsa.fd 2013/01/14 v3.01 AMS symbols A
)
LaTeX Font Info:    Trying to load font information for U+msb on input line 139
.

(/usr/share/texlive/texmf-dist/tex/latex/amsfonts/umsb.fd
File: umsb.fd 2013/01/14 v3.01 AMS symbols B
)
<images//by-sa.png, id=187, 97.0827pt x 33.9669pt>
File: images//by-sa.png Graphic file (type png)
<use images//by-sa.png>
Package pdftex.def Info: images//by-sa.png  used on input line 144.
(pdftex.def)             Requested size: 56.9055pt x 19.90968pt.

Underfull \hbox (badness 1755) in paragraph at lines 144--145
[]|\OT1/cmr/m/n/10.95 This re-port is li-censed un-der the Cre-ative Com-mons
 []

[3 <./images//by-sa.png>] [4

] (./radcor_D_2_1_ATB.toc [5])
\tf@toc=\write4
\openout4 = `radcor_D_2_1_ATB.toc'.


(./chapters/ch_intro.tex [6]
Chapter 1.
[7

]) (./chapters/ch_theory.tex [8]
Chapter 2.
[9

]
<images//components_A.pdf, id=327, 505.89pt x 505.89pt>
File: images//components_A.pdf Graphic file (type pdf)
<use images//components_A.pdf>
Package pdftex.def Info: images//components_A.pdf  used on input line 32.
(pdftex.def)             Requested size: 149.37956pt x 149.38292pt.
 [10 <./images//components_A.pdf>]
<images//components_B.pdf, id=382, 505.89pt x 505.89pt>
File: images//components_B.pdf Graphic file (type pdf)
<use images//components_B.pdf>
Package pdftex.def Info: images//components_B.pdf  used on input line 68.
(pdftex.def)             Requested size: 149.37956pt x 149.38292pt.
<images//components_C.pdf, id=383, 505.89pt x 505.89pt>
File: images//components_C.pdf Graphic file (type pdf)
<use images//components_C.pdf>
Package pdftex.def Info: images//components_C.pdf  used on input line 71.
(pdftex.def)             Requested size: 149.37956pt x 149.38292pt.
 [11 <./images//components_B.pdf> <./images//components_C.pdf>] [12] [13]
Underfull \vbox (badness 10000) has occurred while \output is active []

 [14]
[15]
Underfull \hbox (badness 10000) in paragraph at lines 216--217

 []

[16]
Underfull \hbox (badness 10000) in paragraph at lines 261--262

 []

<images//components_D.pdf, id=510, 505.89pt x 505.89pt>
File: images//components_D.pdf Graphic file (type pdf)
<use images//components_D.pdf>
Package pdftex.def Info: images//components_D.pdf  used on input line 269.
(pdftex.def)             Requested size: 149.37956pt x 149.38292pt.
<images//components_E.pdf, id=511, 505.89pt x 505.89pt>
File: images//components_E.pdf Graphic file (type pdf)
<use images//components_E.pdf>
Package pdftex.def Info: images//components_E.pdf  used on input line 272.
(pdftex.def)             Requested size: 149.37956pt x 149.38292pt.
[17 <./images//components_D.pdf> <./images//components_E.pdf>] [18]
Underfull \vbox (badness 1924) has occurred while \output is active []

 [19]
Underfull \hbox (badness 10000) in paragraph at lines 389--390

 []

[20] [21] [22]) (./chapters/ch_sph_albd.tex [23] [24

]
Chapter 3.
<images//sph_def.pdf, id=641, 505.89pt x 505.89pt>
File: images//sph_def.pdf Graphic file (type pdf)
<use images//sph_def.pdf>
Package pdftex.def Info: images//sph_def.pdf  used on input line 7.
(pdftex.def)             Requested size: 192.0548pt x 170.45145pt.
<images//sph_kernel.pdf, id=643, 505.89pt x 505.89pt>
File: images//sph_kernel.pdf Graphic file (type pdf)
<use images//sph_kernel.pdf>
Package pdftex.def Info: images//sph_kernel.pdf  used on input line 8.
(pdftex.def)             Requested size: 192.0548pt x 170.45145pt.
[25 <./images//sph_def.pdf> <./images//sph_kernel.pdf>]
<images//saf_oli_r.pdf, id=686, 505.89pt x 445.9099pt>
File: images//saf_oli_r.pdf Graphic file (type pdf)
<use images//saf_oli_r.pdf>
Package pdftex.def Info: images//saf_oli_r.pdf  used on input line 23.
(pdftex.def)             Requested size: 192.0548pt x 169.28423pt.
<images//saf_oli_c.pdf, id=687, 505.89pt x 445.9099pt>
File: images//saf_oli_c.pdf Graphic file (type pdf)
<use images//saf_oli_c.pdf>
Package pdftex.def Info: images//saf_oli_c.pdf  used on input line 24.
(pdftex.def)             Requested size: 192.0548pt x 169.28423pt.
<images//saf_02_A.pdf, id=688, 505.89pt x 505.89pt>
File: images//saf_02_A.pdf Graphic file (type pdf)
<use images//saf_02_A.pdf>
Package pdftex.def Info: images//saf_02_A.pdf  used on input line 31.
(pdftex.def)             Requested size: 192.0548pt x 192.05493pt.
<images//saf_02_B.pdf, id=689, 505.89pt x 505.89pt>
File: images//saf_02_B.pdf Graphic file (type pdf)
<use images//saf_02_B.pdf>
Package pdftex.def Info: images//saf_02_B.pdf  used on input line 32.
(pdftex.def)             Requested size: 192.0548pt x 192.05493pt.
<images//s_spectral_a.pdf, id=690, 505.89pt x 445.9099pt>
File: images//s_spectral_a.pdf Graphic file (type pdf)
<use images//s_spectral_a.pdf>
Package pdftex.def Info: images//s_spectral_a.pdf  used on input line 39.
(pdftex.def)             Requested size: 192.0548pt x 150.79604pt.
<images//s_spectral_b.pdf, id=692, 505.89pt x 445.9099pt>
File: images//s_spectral_b.pdf Graphic file (type pdf)
<use images//s_spectral_b.pdf>
Package pdftex.def Info: images//s_spectral_b.pdf  used on input line 40.
(pdftex.def)             Requested size: 192.0548pt x 150.79604pt.
<images//s_spectral_c.pdf, id=694, 505.89pt x 445.9099pt>
File: images//s_spectral_c.pdf Graphic file (type pdf)
<use images//s_spectral_c.pdf>
Package pdftex.def Info: images//s_spectral_c.pdf  used on input line 41.
(pdftex.def)             Requested size: 192.0548pt x 150.79604pt.
<images//s_spectral_d.pdf, id=696, 505.89pt x 445.9099pt>
File: images//s_spectral_d.pdf Graphic file (type pdf)
<use images//s_spectral_d.pdf>
Package pdftex.def Info: images//s_spectral_d.pdf  used on input line 42.
(pdftex.def)             Requested size: 192.0548pt x 150.79604pt.
) (./chapters/ch_psf.tex [26 <./images//saf_oli_r.pdf> <./images//saf_oli_c.pdf


pdfTeX warning: pdflatex (file ./images//saf_oli_c.pdf): PDF inclusion: multipl
e pdfs with page group included in a single page
>] [27 <./images//s_spectral_a.pdf> <./images//s_spectral_b.pdf> <./images//s_s
pectral_c.pdf> <./images//s_spectral_d.pdf> <./images//saf_02_A.pdf> <./images/
/saf_02_B.pdf>] [28

]
Chapter 4.
<images//psf_def.pdf, id=916, 505.89pt x 505.89pt>
File: images//psf_def.pdf Graphic file (type pdf)
<use images//psf_def.pdf>
Package pdftex.def Info: images//psf_def.pdf  used on input line 7.
(pdftex.def)             Requested size: 192.0548pt x 170.45145pt.
<images//psf_kernel.pdf, id=918, 505.89pt x 505.89pt>
File: images//psf_kernel.pdf Graphic file (type pdf)
<use images//psf_kernel.pdf>
Package pdftex.def Info: images//psf_kernel.pdf  used on input line 8.
(pdftex.def)             Requested size: 192.0548pt x 170.45145pt.
[29 <./images//psf_def.pdf> <./images//psf_kernel.pdf>]
<images//psf_scheme_components.png, id=955, 1108.14pt x 461.725pt>
File: images//psf_scheme_components.png Graphic file (type png)
<use images//psf_scheme_components.png>
Package pdftex.def Info: images//psf_scheme_components.png  used on input line 
19.
(pdftex.def)             Requested size: 256.0774pt x 106.69473pt.
<images//psf_sim_A.pdf, id=963, 505.89pt x 505.89pt>
File: images//psf_sim_A.pdf Graphic file (type pdf)
<use images//psf_sim_A.pdf>
Package pdftex.def Info: images//psf_sim_A.pdf  used on input line 30.
(pdftex.def)             Requested size: 192.0548pt x 192.05493pt.
<images//psf_sim_B.pdf, id=964, 505.89pt x 505.89pt>
File: images//psf_sim_B.pdf Graphic file (type pdf)
<use images//psf_sim_B.pdf>
Package pdftex.def Info: images//psf_sim_B.pdf  used on input line 31.
(pdftex.def)             Requested size: 192.0548pt x 192.05493pt.
<images//psf_oli_00_r.pdf, id=965, 505.89pt x 445.9099pt>
File: images//psf_oli_00_r.pdf Graphic file (type pdf)
<use images//psf_oli_00_r.pdf>
Package pdftex.def Info: images//psf_oli_00_r.pdf  used on input line 38.
(pdftex.def)             Requested size: 192.0548pt x 169.28423pt.
<images//psf_oli_00_c.pdf, id=966, 505.89pt x 445.9099pt>
File: images//psf_oli_00_c.pdf Graphic file (type pdf)
<use images//psf_oli_00_c.pdf>
Package pdftex.def Info: images//psf_oli_00_c.pdf  used on input line 39.
(pdftex.def)             Requested size: 192.0548pt x 169.28423pt.
<images//psf_oli_40_r.pdf, id=967, 505.89pt x 445.9099pt>
File: images//psf_oli_40_r.pdf Graphic file (type pdf)
<use images//psf_oli_40_r.pdf>
Package pdftex.def Info: images//psf_oli_40_r.pdf  used on input line 40.
(pdftex.def)             Requested size: 192.0548pt x 169.28423pt.
<images//psf_oli_40_c.pdf, id=968, 505.89pt x 445.9099pt>
File: images//psf_oli_40_c.pdf Graphic file (type pdf)
<use images//psf_oli_40_c.pdf>
Package pdftex.def Info: images//psf_oli_40_c.pdf  used on input line 41.
(pdftex.def)             Requested size: 192.0548pt x 169.28423pt.
<images//ut_spectral_a.pdf, id=969, 505.89pt x 445.9099pt>
File: images//ut_spectral_a.pdf Graphic file (type pdf)
<use images//ut_spectral_a.pdf>
Package pdftex.def Info: images//ut_spectral_a.pdf  used on input line 48.
(pdftex.def)             Requested size: 192.0548pt x 150.79604pt.
<images//ut_spectral_b.pdf, id=971, 505.89pt x 445.9099pt>
File: images//ut_spectral_b.pdf Graphic file (type pdf)
<use images//ut_spectral_b.pdf>
Package pdftex.def Info: images//ut_spectral_b.pdf  used on input line 49.
(pdftex.def)             Requested size: 192.0548pt x 150.79604pt.
<images//ut_spectral_c.pdf, id=973, 505.89pt x 445.9099pt>
File: images//ut_spectral_c.pdf Graphic file (type pdf)
<use images//ut_spectral_c.pdf>
Package pdftex.def Info: images//ut_spectral_c.pdf  used on input line 50.
(pdftex.def)             Requested size: 192.0548pt x 150.79604pt.
<images//ut_spectral_d.pdf, id=975, 505.89pt x 445.9099pt>
File: images//ut_spectral_d.pdf Graphic file (type pdf)
<use images//ut_spectral_d.pdf>
Package pdftex.def Info: images//ut_spectral_d.pdf  used on input line 51.
(pdftex.def)             Requested size: 192.0548pt x 150.79604pt.
)
(./chapters/ch_ts_dsf.tex [30 <./images//psf_scheme_components.png>] [31 <./ima
ges//psf_sim_A.pdf> <./images//psf_sim_B.pdf> <./images//psf_oli_00_r.pdf> <./i
mages//psf_oli_00_c.pdf

pdfTeX warning: pdflatex (file ./images//psf_oli_00_c.pdf): PDF inclusion: mult
iple pdfs with page group included in a single page
> <./images//psf_oli_40_r.pdf

pdfTeX warning: pdflatex (file ./images//psf_oli_40_r.pdf): PDF inclusion: mult
iple pdfs with page group included in a single page
> <./images//psf_oli_40_c.pdf

pdfTeX warning: pdflatex (file ./images//psf_oli_40_c.pdf): PDF inclusion: mult
iple pdfs with page group included in a single page
>] [32 <./images//ut_spectral_a.pdf> <./images//ut_spectral_b.pdf> <./images//u
t_spectral_c.pdf> <./images//ut_spectral_d.pdf>]
Chapter 5.
[33

]
Underfull \hbox (badness 2150) in paragraph at lines 21--22
\OT1/cmr/m/n/10.95 where $[][]$ is the nor-malised spec-tral re-sponse func-tio
n (SRF) of wave-band $\OML/cmm/m/it/10.95 w$\OT1/cmr/m/n/10.95 ,
 []


Underfull \hbox (badness 2042) in paragraph at lines 21--22
[][]$\OT1/cmr/m/n/10.95 , unit-less, is the trans-mit-tance due to gaseous ab-s
orp-tion for the
 []

[34] [35]
Underfull \hbox (badness 1231) in paragraph at lines 53--54
\OT1/cmr/m/n/10.95 PSF. $[][]$ can be es-ti-mated di-rectly from $[][]$ and
 []

[36]
Underfull \vbox (badness 3098) has occurred while \output is active []

 [37]
<images//case_0_rho_s.pdf, id=1365, 505.89pt x 505.89pt>
File: images//case_0_rho_s.pdf Graphic file (type pdf)
<use images//case_0_rho_s.pdf>
Package pdftex.def Info: images//case_0_rho_s.pdf  used on input line 126.
(pdftex.def)             Requested size: 204.85802pt x 181.81717pt.
<images//case_0_surface_profile.pdf, id=1367, 505.89pt x 505.89pt>
File: images//case_0_surface_profile.pdf Graphic file (type pdf)
<use images//case_0_surface_profile.pdf>
Package pdftex.def Info: images//case_0_surface_profile.pdf  used on input line
 130.
(pdftex.def)             Requested size: 204.85802pt x 181.81717pt.
<images//case_0_ratio_profile.pdf, id=1369, 505.89pt x 505.89pt>
File: images//case_0_ratio_profile.pdf Graphic file (type pdf)
<use images//case_0_ratio_profile.pdf>
Package pdftex.def Info: images//case_0_ratio_profile.pdf  used on input line 1
37.
(pdftex.def)             Requested size: 204.85802pt x 181.81717pt.
<images//case_0_scaled_ratio_profile.pdf, id=1371, 505.89pt x 505.89pt>
File: images//case_0_scaled_ratio_profile.pdf Graphic file (type pdf)
<use images//case_0_scaled_ratio_profile.pdf>
Package pdftex.def Info: images//case_0_scaled_ratio_profile.pdf  used on input
 line 141.
(pdftex.def)             Requested size: 204.85802pt x 181.81717pt.

[38] [39 <./images//case_0_rho_s.pdf> <./images//case_0_surface_profile.pdf> <.
/images//case_0_ratio_profile.pdf> <./images//case_0_scaled_ratio_profile.pdf>]
[40]) (./chapters/ch_radcor.tex [41] [42

]
Chapter 6.
[43]
Underfull \hbox (badness 4217) in paragraph at lines 34--35
[]\OT1/cmr/m/n/10.95 Typically, $[][]$ is lower than 10 %, so un-cer-tain-ties 
in
 []

[44]) (./chapters/ch_finite.tex [45] [46

]
Chapter 7.
<images//finite.pdf, id=1550, 505.89pt x 505.89pt>
File: images//finite.pdf Graphic file (type pdf)
<use images//finite.pdf>
Package pdftex.def Info: images//finite.pdf  used on input line 14.
(pdftex.def)             Requested size: 213.39566pt x 213.39865pt.
[47]
Underfull \hbox (badness 1270) in paragraph at lines 45--46
[]\OT1/cmr/m/n/10.95 Other use-ful quan-ti-ties are the frac-tions of the spher
-i-cal albedo $[][]$ and
 []

[48 <./images//finite.pdf>] [49] [50] [51]) (./chapters/ch_sim01.tex [52]
Chapter 8.
<images//base_spectra.pdf, id=1611, 505.89pt x 505.89pt>
File: images//base_spectra.pdf Graphic file (type pdf)
<use images//base_spectra.pdf>
Package pdftex.def Info: images//base_spectra.pdf  used on input line 9.
(pdftex.def)             Requested size: 204.85802pt x 184.69768pt.
<images//case_1_rho_s.pdf, id=1613, 505.89pt x 505.89pt>
File: images//case_1_rho_s.pdf Graphic file (type pdf)
<use images//case_1_rho_s.pdf>
Package pdftex.def Info: images//case_1_rho_s.pdf  used on input line 13.
(pdftex.def)             Requested size: 204.85802pt x 184.69768pt.
[53

 <./images//base_spectra.pdf> <./images//case_1_rho_s.pdf>]
<images//T_spectra_c.pdf, id=1670, 505.89pt x 505.89pt>
File: images//T_spectra_c.pdf Graphic file (type pdf)
<use images//T_spectra_c.pdf>
Package pdftex.def Info: images//T_spectra_c.pdf  used on input line 25.
(pdftex.def)             Requested size: 204.85802pt x 184.69768pt.
<images//T_spectra_m.pdf, id=1672, 505.89pt x 505.89pt>
File: images//T_spectra_m.pdf Graphic file (type pdf)
<use images//T_spectra_m.pdf>
Package pdftex.def Info: images//T_spectra_m.pdf  used on input line 29.
(pdftex.def)             Requested size: 204.85802pt x 184.69768pt.
<images//case_1_rho_env_psf_c.pdf, id=1675, 505.89pt x 505.89pt>
File: images//case_1_rho_env_psf_c.pdf Graphic file (type pdf)
<use images//case_1_rho_env_psf_c.pdf>
Package pdftex.def Info: images//case_1_rho_env_psf_c.pdf  used on input line 4
1.
(pdftex.def)             Requested size: 204.85802pt x 170.29518pt.
<images//case_1_rho_env_psf_m.pdf, id=1677, 505.89pt x 505.89pt>
File: images//case_1_rho_env_psf_m.pdf Graphic file (type pdf)
<use images//case_1_rho_env_psf_m.pdf>
Package pdftex.def Info: images//case_1_rho_env_psf_m.pdf  used on input line 4
5.
(pdftex.def)             Requested size: 204.85802pt x 170.29518pt.
<images//case_1_rho_env_sph_c.pdf, id=1679, 505.89pt x 505.89pt>
File: images//case_1_rho_env_sph_c.pdf Graphic file (type pdf)
<use images//case_1_rho_env_sph_c.pdf>
Package pdftex.def Info: images//case_1_rho_env_sph_c.pdf  used on input line 5
0.
(pdftex.def)             Requested size: 204.85802pt x 170.29518pt.
<images//case_1_rho_env_sph_m.pdf, id=1681, 505.89pt x 505.89pt>
File: images//case_1_rho_env_sph_m.pdf Graphic file (type pdf)
<use images//case_1_rho_env_sph_m.pdf>
Package pdftex.def Info: images//case_1_rho_env_sph_m.pdf  used on input line 5
4.
(pdftex.def)             Requested size: 204.85802pt x 170.29518pt.
 [54 <./images//T_spectra_c.pdf> <./images//T_spectra_m.pdf>] [55 <./images//ca
se_1_rho_env_psf_c.pdf> <./images//case_1_rho_env_psf_m.pdf> <./images//case_1_
rho_env_sph_c.pdf> <./images//case_1_rho_env_sph_m.pdf>]
<images//case_1_eval_rho_env_toa_c.pdf, id=1906, 505.89pt x 505.89pt>
File: images//case_1_eval_rho_env_toa_c.pdf Graphic file (type pdf)
<use images//case_1_eval_rho_env_toa_c.pdf>
Package pdftex.def Info: images//case_1_eval_rho_env_toa_c.pdf  used on input l
ine 71.
(pdftex.def)             Requested size: 204.85802pt x 170.29518pt.
<images//case_1_eval_rho_env_toa_m.pdf, id=1908, 505.89pt x 505.89pt>
File: images//case_1_eval_rho_env_toa_m.pdf Graphic file (type pdf)
<use images//case_1_eval_rho_env_toa_m.pdf>
Package pdftex.def Info: images//case_1_eval_rho_env_toa_m.pdf  used on input l
ine 75.
(pdftex.def)             Requested size: 204.85802pt x 170.29518pt.

Underfull \hbox (badness 10000) in paragraph at lines 78--78
[]\OT1/cmr/m/n/10.95 Figure 8.04: |Eval-u-a-tion of the es-ti-ma-tion of $[][]$
 from
 []

[56 <./images//case_1_eval_rho_env_toa_c.pdf> <./images//case_1_eval_rho_env_to
a_m.pdf>]
<images//case_1_eval_ts_dsf_aot_c.pdf, id=1967, 505.89pt x 505.89pt>
File: images//case_1_eval_ts_dsf_aot_c.pdf Graphic file (type pdf)
<use images//case_1_eval_ts_dsf_aot_c.pdf>
Package pdftex.def Info: images//case_1_eval_ts_dsf_aot_c.pdf  used on input li
ne 92.
(pdftex.def)             Requested size: 204.85802pt x 184.69768pt.
<images//case_1_eval_ts_dsf_aot_m.pdf, id=1969, 505.89pt x 505.89pt>
File: images//case_1_eval_ts_dsf_aot_m.pdf Graphic file (type pdf)
<use images//case_1_eval_ts_dsf_aot_m.pdf>
Package pdftex.def Info: images//case_1_eval_ts_dsf_aot_m.pdf  used on input li
ne 96.
(pdftex.def)             Requested size: 204.85802pt x 184.69768pt.
 [57 <./images//case_1_eval_ts_dsf_aot_c.pdf> <./images//case_1_eval_ts_dsf_aot
_m.pdf>]
<images//case_1_eval_ts_dsf_psf_c.pdf, id=2035, 505.89pt x 505.89pt>
File: images//case_1_eval_ts_dsf_psf_c.pdf Graphic file (type pdf)
<use images//case_1_eval_ts_dsf_psf_c.pdf>
Package pdftex.def Info: images//case_1_eval_ts_dsf_psf_c.pdf  used on input li
ne 110.
(pdftex.def)             Requested size: 204.85802pt x 184.69768pt.
<images//case_1_eval_ts_dsf_psf_m.pdf, id=2037, 505.89pt x 505.89pt>
File: images//case_1_eval_ts_dsf_psf_m.pdf Graphic file (type pdf)
<use images//case_1_eval_ts_dsf_psf_m.pdf>
Package pdftex.def Info: images//case_1_eval_ts_dsf_psf_m.pdf  used on input li
ne 114.
(pdftex.def)             Requested size: 204.85802pt x 184.69768pt.
<images//case_1_eval_rho_env_sph_c_est.pdf, id=2041, 505.89pt x 505.89pt>
File: images//case_1_eval_rho_env_sph_c_est.pdf Graphic file (type pdf)
<use images//case_1_eval_rho_env_sph_c_est.pdf>
Package pdftex.def Info: images//case_1_eval_rho_env_sph_c_est.pdf  used on inp
ut line 130.
(pdftex.def)             Requested size: 204.85802pt x 170.29518pt.
<images//case_1_eval_rho_env_sph_m_est.pdf, id=2043, 505.89pt x 505.89pt>
File: images//case_1_eval_rho_env_sph_m_est.pdf Graphic file (type pdf)
<use images//case_1_eval_rho_env_sph_m_est.pdf>
Package pdftex.def Info: images//case_1_eval_rho_env_sph_m_est.pdf  used on inp
ut line 134.
(pdftex.def)             Requested size: 204.85802pt x 170.29518pt.
 [58 <./images//case_1_eval_ts_dsf_psf_c.pdf> <./images//case_1_eval_ts_dsf_psf
_m.pdf>]
<images//case_1_eval_radcor_abs_c.pdf, id=2109, 505.89pt x 505.89pt>
File: images//case_1_eval_radcor_abs_c.pdf Graphic file (type pdf)
<use images//case_1_eval_radcor_abs_c.pdf>
Package pdftex.def Info: images//case_1_eval_radcor_abs_c.pdf  used on input li
ne 150.
(pdftex.def)             Requested size: 204.85802pt x 170.87132pt.
<images//case_1_eval_radcor_abs_m.pdf, id=2111, 505.89pt x 505.89pt>
File: images//case_1_eval_radcor_abs_m.pdf Graphic file (type pdf)
<use images//case_1_eval_radcor_abs_m.pdf>
Package pdftex.def Info: images//case_1_eval_radcor_abs_m.pdf  used on input li
ne 154.
(pdftex.def)             Requested size: 204.85802pt x 170.87132pt.
<images//case_1_eval_radcor_rel_c.pdf, id=2113, 505.89pt x 505.89pt>
File: images//case_1_eval_radcor_rel_c.pdf Graphic file (type pdf)
<use images//case_1_eval_radcor_rel_c.pdf>
Package pdftex.def Info: images//case_1_eval_radcor_rel_c.pdf  used on input li
ne 159.
(pdftex.def)             Requested size: 204.85802pt x 170.87132pt.
<images//case_1_eval_radcor_rel_m.pdf, id=2115, 505.89pt x 505.89pt>
File: images//case_1_eval_radcor_rel_m.pdf Graphic file (type pdf)
<use images//case_1_eval_radcor_rel_m.pdf>
Package pdftex.def Info: images//case_1_eval_radcor_rel_m.pdf  used on input li
ne 163.
(pdftex.def)             Requested size: 204.85802pt x 170.87132pt.
 [59 <./images//case_1_eval_rho_env_sph_c_est.pdf> <./images//case_1_eval_rho_e
nv_sph_m_est.pdf>] [60 <./images//case_1_eval_radcor_abs_c.pdf> <./images//case
_1_eval_radcor_abs_m.pdf> <./images//case_1_eval_radcor_rel_c.pdf> <./images//c
ase_1_eval_radcor_rel_m.pdf>]
<images//case_1_full_eval_c.pdf, id=2311, 505.89pt x 505.89pt>
File: images//case_1_full_eval_c.pdf Graphic file (type pdf)
<use images//case_1_full_eval_c.pdf>
Package pdftex.def Info: images//case_1_full_eval_c.pdf  used on input line 178
.
(pdftex.def)             Requested size: 204.85802pt x 184.69768pt.
<images//case_1_full_eval_m.pdf, id=2313, 505.89pt x 505.89pt>
File: images//case_1_full_eval_m.pdf Graphic file (type pdf)
<use images//case_1_full_eval_m.pdf>
Package pdftex.def Info: images//case_1_full_eval_m.pdf  used on input line 182
.
(pdftex.def)             Requested size: 204.85802pt x 184.69768pt.
)
(./chapters/ch_sim02.tex [61 <./images//case_1_full_eval_c.pdf> <./images//case
_1_full_eval_m.pdf>] [62

]
Chapter 9.
File: images//base_spectra.pdf Graphic file (type pdf)
<use images//base_spectra.pdf>
Package pdftex.def Info: images//base_spectra.pdf  used on input line 11.
(pdftex.def)             Requested size: 204.85802pt x 184.69768pt.
<images//case_2_rho_s.pdf, id=2367, 505.89pt x 505.89pt>
File: images//case_2_rho_s.pdf Graphic file (type pdf)
<use images//case_2_rho_s.pdf>
Package pdftex.def Info: images//case_2_rho_s.pdf  used on input line 15.
(pdftex.def)             Requested size: 204.85802pt x 184.69768pt.
<images//case_2_rho_env_psf_c.pdf, id=2369, 505.89pt x 505.89pt>
File: images//case_2_rho_env_psf_c.pdf Graphic file (type pdf)
<use images//case_2_rho_env_psf_c.pdf>
Package pdftex.def Info: images//case_2_rho_env_psf_c.pdf  used on input line 2
5.
(pdftex.def)             Requested size: 204.85802pt x 170.29518pt.
<images//case_2_rho_env_psf_m.pdf, id=2371, 505.89pt x 505.89pt>
File: images//case_2_rho_env_psf_m.pdf Graphic file (type pdf)
<use images//case_2_rho_env_psf_m.pdf>
Package pdftex.def Info: images//case_2_rho_env_psf_m.pdf  used on input line 2
9.
(pdftex.def)             Requested size: 204.85802pt x 170.29518pt.
<images//case_2_rho_env_sph_c.pdf, id=2373, 505.89pt x 505.89pt>
File: images//case_2_rho_env_sph_c.pdf Graphic file (type pdf)
<use images//case_2_rho_env_sph_c.pdf>
Package pdftex.def Info: images//case_2_rho_env_sph_c.pdf  used on input line 3
4.
(pdftex.def)             Requested size: 204.85802pt x 170.29518pt.
<images//case_2_rho_env_sph_m.pdf, id=2375, 505.89pt x 505.89pt>
File: images//case_2_rho_env_sph_m.pdf Graphic file (type pdf)
<use images//case_2_rho_env_sph_m.pdf>
Package pdftex.def Info: images//case_2_rho_env_sph_m.pdf  used on input line 3
8.
(pdftex.def)             Requested size: 204.85802pt x 170.29518pt.
<images//case_2_eval_rho_env_toa_c.pdf, id=2381, 505.89pt x 505.89pt>
File: images//case_2_eval_rho_env_toa_c.pdf Graphic file (type pdf)
<use images//case_2_eval_rho_env_toa_c.pdf>
Package pdftex.def Info: images//case_2_eval_rho_env_toa_c.pdf  used on input l
ine 53.
(pdftex.def)             Requested size: 204.85802pt x 170.29518pt.
<images//case_2_eval_rho_env_toa_m.pdf, id=2383, 505.89pt x 505.89pt>
File: images//case_2_eval_rho_env_toa_m.pdf Graphic file (type pdf)
<use images//case_2_eval_rho_env_toa_m.pdf>
Package pdftex.def Info: images//case_2_eval_rho_env_toa_m.pdf  used on input l
ine 57.
(pdftex.def)             Requested size: 204.85802pt x 170.29518pt.

Underfull \hbox (badness 10000) in paragraph at lines 60--60
[]\OT1/cmr/m/n/10.95 Figure 9.03: |Eval-u-a-tion of the es-ti-ma-tion of $[][]$
 from
 []

[63]
<images//case_2_eval_ts_dsf_aot_c.pdf, id=2395, 505.89pt x 505.89pt>
File: images//case_2_eval_ts_dsf_aot_c.pdf Graphic file (type pdf)
<use images//case_2_eval_ts_dsf_aot_c.pdf>
Package pdftex.def Info: images//case_2_eval_ts_dsf_aot_c.pdf  used on input li
ne 70.
(pdftex.def)             Requested size: 204.85802pt x 184.69768pt.
<images//case_2_eval_ts_dsf_aot_m.pdf, id=2397, 505.89pt x 505.89pt>
File: images//case_2_eval_ts_dsf_aot_m.pdf Graphic file (type pdf)
<use images//case_2_eval_ts_dsf_aot_m.pdf>
Package pdftex.def Info: images//case_2_eval_ts_dsf_aot_m.pdf  used on input li
ne 74.
(pdftex.def)             Requested size: 204.85802pt x 184.69768pt.
<images//case_2_eval_ts_dsf_psf_c.pdf, id=2401, 505.89pt x 505.89pt>
File: images//case_2_eval_ts_dsf_psf_c.pdf Graphic file (type pdf)
<use images//case_2_eval_ts_dsf_psf_c.pdf>
Package pdftex.def Info: images//case_2_eval_ts_dsf_psf_c.pdf  used on input li
ne 86.
(pdftex.def)             Requested size: 204.85802pt x 184.69768pt.
<images//case_2_eval_ts_dsf_psf_m.pdf, id=2403, 505.89pt x 505.89pt>
File: images//case_2_eval_ts_dsf_psf_m.pdf Graphic file (type pdf)
<use images//case_2_eval_ts_dsf_psf_m.pdf>
Package pdftex.def Info: images//case_2_eval_ts_dsf_psf_m.pdf  used on input li
ne 90.
(pdftex.def)             Requested size: 204.85802pt x 184.69768pt.
 [64 <./images//case_2_rho_s.pdf>] [65 <./images//case_2_rho_env_psf_c.pdf> <./
images//case_2_rho_env_psf_m.pdf> <./images//case_2_rho_env_sph_c.pdf> <./image
s//case_2_rho_env_sph_m.pdf>] [66 <./images//case_2_eval_rho_env_toa_c.pdf> <./
images//case_2_eval_rho_env_toa_m.pdf> <./images//case_2_eval_ts_dsf_aot_c.pdf>
 <./images//case_2_eval_ts_dsf_aot_m.pdf>]
<images//case_2_eval_rho_env_sph_c_est.pdf, id=2701, 505.89pt x 505.89pt>
File: images//case_2_eval_rho_env_sph_c_est.pdf Graphic file (type pdf)
<use images//case_2_eval_rho_env_sph_c_est.pdf>
Package pdftex.def Info: images//case_2_eval_rho_env_sph_c_est.pdf  used on inp
ut line 106.
(pdftex.def)             Requested size: 204.85802pt x 170.29518pt.
<images//case_2_eval_rho_env_sph_m_est.pdf, id=2703, 505.89pt x 505.89pt>
File: images//case_2_eval_rho_env_sph_m_est.pdf Graphic file (type pdf)
<use images//case_2_eval_rho_env_sph_m_est.pdf>
Package pdftex.def Info: images//case_2_eval_rho_env_sph_m_est.pdf  used on inp
ut line 110.
(pdftex.def)             Requested size: 204.85802pt x 170.29518pt.
 [67 <./images//case_2_eval_ts_dsf_psf_c.pdf> <./images//case_2_eval_ts_dsf_psf
_m.pdf> <./images//case_2_eval_rho_env_sph_c_est.pdf> <./images//case_2_eval_rh
o_env_sph_m_est.pdf>]
<images//case_2_eval_radcor_abs_c.pdf, id=2831, 505.89pt x 505.89pt>
File: images//case_2_eval_radcor_abs_c.pdf Graphic file (type pdf)
<use images//case_2_eval_radcor_abs_c.pdf>
Package pdftex.def Info: images//case_2_eval_radcor_abs_c.pdf  used on input li
ne 122.
(pdftex.def)             Requested size: 204.85802pt x 170.87132pt.
<images//case_2_eval_radcor_abs_m.pdf, id=2833, 505.89pt x 505.89pt>
File: images//case_2_eval_radcor_abs_m.pdf Graphic file (type pdf)
<use images//case_2_eval_radcor_abs_m.pdf>
Package pdftex.def Info: images//case_2_eval_radcor_abs_m.pdf  used on input li
ne 126.
(pdftex.def)             Requested size: 204.85802pt x 170.87132pt.
<images//case_2_eval_radcor_rel_c.pdf, id=2835, 505.89pt x 505.89pt>
File: images//case_2_eval_radcor_rel_c.pdf Graphic file (type pdf)
<use images//case_2_eval_radcor_rel_c.pdf>
Package pdftex.def Info: images//case_2_eval_radcor_rel_c.pdf  used on input li
ne 131.
(pdftex.def)             Requested size: 204.85802pt x 170.87132pt.
<images//case_2_eval_radcor_rel_m.pdf, id=2837, 505.89pt x 505.89pt>
File: images//case_2_eval_radcor_rel_m.pdf Graphic file (type pdf)
<use images//case_2_eval_radcor_rel_m.pdf>
Package pdftex.def Info: images//case_2_eval_radcor_rel_m.pdf  used on input li
ne 135.
(pdftex.def)             Requested size: 204.85802pt x 170.87132pt.
 [68 <./images//case_2_eval_radcor_abs_c.pdf> <./images//case_2_eval_radcor_abs
_m.pdf> <./images//case_2_eval_radcor_rel_c.pdf> <./images//case_2_eval_radcor_
rel_m.pdf>]
<images//case_2_full_eval_c.pdf, id=2965, 505.89pt x 505.89pt>
File: images//case_2_full_eval_c.pdf Graphic file (type pdf)
<use images//case_2_full_eval_c.pdf>
Package pdftex.def Info: images//case_2_full_eval_c.pdf  used on input line 152
.
(pdftex.def)             Requested size: 204.85802pt x 184.69768pt.
<images//case_2_full_eval_m.pdf, id=2967, 505.89pt x 505.89pt>
File: images//case_2_full_eval_m.pdf Graphic file (type pdf)
<use images//case_2_full_eval_m.pdf>
Package pdftex.def Info: images//case_2_full_eval_m.pdf  used on input line 156
.
(pdftex.def)             Requested size: 204.85802pt x 184.69768pt.
) [69 <./images//case_2_full_eval_c.pdf> <./images//case_2_full_eval_m.pdf>]
[70

] [71

] [72] (./chapters/ap_ts_dsf.tex
Appendix A.

Underfull \hbox (badness 2707) in paragraph at lines 8--9
[]\OT1/cmr/m/n/10.95 If the fi-nite integro-normalised dif-fuse PSF $[][]$ will
 not be
 []


Underfull \hbox (badness 4291) in paragraph at lines 8--9
\OT1/cmr/m/n/10.95 re-normalised to in-te-grate to unity, cal-cu-late the neigh
-bour-hood av-er-age
 []


Underfull \hbox (badness 2418) in paragraph at lines 12--13
[]\OT1/cmr/m/n/10.95 Estimate $[][]$ as the con-vo-lu-tion of $[][]$
 []


Overfull \hbox (12.19061pt too wide) in paragraph at lines 14--15
[]\OT1/cmr/m/n/10.95 Using the dark-est pix-els at the sur-face in each band, d
e-fine the $[][]$
 []

[73

]) (./chapters/ap_radcor.tex [74]
Appendix B.
) (./chapters/ap_apsfs.tex [75

] [76

]
Appendix C.

Underfull \hbox (badness 3118) in paragraph at lines 5--5
[]\OT1/cmr/bx/n/14.4 Transmittance and re-flectance ker-nels in ACO-L-
 []

[77] [78] [79]
<images//annular_geom.png, id=3092, 377.06087pt x 377.06087pt>
File: images//annular_geom.png Graphic file (type png)
<use images//annular_geom.png>
Package pdftex.def Info: images//annular_geom.png  used on input line 60.
(pdftex.def)             Requested size: 170.71393pt x 170.7172pt.
<images//cumintegral_annular_fit_edu.png, id=3093, 471.32608pt x 377.06087pt>
File: images//cumintegral_annular_fit_edu.png Graphic file (type png)
<use images//cumintegral_annular_fit_edu.png>
Package pdftex.def Info: images//cumintegral_annular_fit_edu.png  used on input
 line 61.
(pdftex.def)             Requested size: 213.39566pt x 170.7172pt.
<images//saf_01_A.pdf, id=3099, 505.89pt x 505.89pt>
File: images//saf_01_A.pdf Graphic file (type pdf)
<use images//saf_01_A.pdf>
Package pdftex.def Info: images//saf_01_A.pdf  used on input line 78.
(pdftex.def)             Requested size: 192.0548pt x 192.05493pt.
<images//saf_01_B.pdf, id=3100, 505.89pt x 505.89pt>
File: images//saf_01_B.pdf Graphic file (type pdf)
<use images//saf_01_B.pdf>
Package pdftex.def Info: images//saf_01_B.pdf  used on input line 79.
(pdftex.def)             Requested size: 192.0548pt x 192.05493pt.
<images//saf_01_C.pdf, id=3101, 505.89pt x 505.89pt>
File: images//saf_01_C.pdf Graphic file (type pdf)
<use images//saf_01_C.pdf>
Package pdftex.def Info: images//saf_01_C.pdf  used on input line 80.
(pdftex.def)             Requested size: 192.0548pt x 192.05493pt.
<images//saf_01_D.pdf, id=3102, 505.89pt x 505.89pt>
File: images//saf_01_D.pdf Graphic file (type pdf)
<use images//saf_01_D.pdf>
Package pdftex.def Info: images//saf_01_D.pdf  used on input line 81.
(pdftex.def)             Requested size: 192.0548pt x 192.05493pt.
 [80 <./images//annular_geom.png> <./images//cumintegral_annular_fit_edu.png (P
NG copy)>]
Underfull \vbox (badness 1383) has occurred while \output is active []

 [81 <./images//saf_01_A.pdf> <./images//saf_01_B.pdf> <./images//saf_01_C.pdf>
 <./images//saf_01_D.pdf>]
<images//saf_03_A.pdf, id=3181, 505.89pt x 505.89pt>
File: images//saf_03_A.pdf Graphic file (type pdf)
<use images//saf_03_A.pdf>
Package pdftex.def Info: images//saf_03_A.pdf  used on input line 92.
(pdftex.def)             Requested size: 192.0548pt x 192.05493pt.
<images//psf_03_A.pdf, id=3182, 505.89pt x 505.89pt>
File: images//psf_03_A.pdf Graphic file (type pdf)
<use images//psf_03_A.pdf>
Package pdftex.def Info: images//psf_03_A.pdf  used on input line 93.
(pdftex.def)             Requested size: 192.0548pt x 192.05493pt.
) [82 <./images//saf_03_A.pdf> <./images//psf_03_A.pdf>]
(./radcor_D_2_1_ATB.bbl
Underfull \hbox (badness 1365) in paragraph at lines 45--51
[]\OT1/cmr/m/n/10.95 Dekker, A. G., Pin-nel, N., Gege, P., Briot-tet, X., Pe-te
rs, S., Turpie, K. R.,
 []


Underfull \hbox (badness 1297) in paragraph at lines 45--51
\OT1/cmr/m/n/10.95 Ster-ckx, S., Costa, M., Gi-a-rdino, C., and Brando, V. E.  
Fea-si-bil-ity Study
 []


Underfull \hbox (badness 10000) in paragraph at lines 45--51
\OT1/cmr/m/n/10.95 for an Aquatic Ecosys-tem Earth Ob-serv-ing Sys-tem.  Tech-n
i-cal re-port,
 []


Underfull \hbox (badness 10000) in paragraph at lines 45--51
\OT1/cmr/m/n/10.95 CEOS, 2018.  URL []$\OT1/cmtt/m/n/10.95 http : / / ceos . or
g / document _ management / Publications /
 []


Underfull \hbox (badness 10000) in paragraph at lines 45--51
\OT1/cmtt/m/n/10.95 Feasibility-[]Study-[]for-[]an-[]Aquatic-[]Ecosystem-[]EOS-
[]v . 2-[]hi-[]res _ 05April2018 .
 []

[83

] [84]) [85] (./radcor_D_2_1_ATB.aux)
Package rerunfilecheck Info: File `radcor_D_2_1_ATB.out' has not changed.
(rerunfilecheck)             Checksum: 52F2B462929F7C7F944DCDE0293F7913;7892.
 ) 
Here is how much of TeX's memory you used:
 19765 strings out of 477975
 392114 string characters out of 5839281
 1877330 words of memory out of 5000000
 39287 multiletter control sequences out of 15000+600000
 522709 words of font info for 70 fonts, out of 8000000 for 9000
 59 hyphenation exceptions out of 8191
 73i,18n,117p,2130b,1060s stack positions out of 10000i,1000n,20000p,200000b,200000s
</usr/share/texlive/texmf-dist/fonts/type1/public/amsfonts/cm/cmbx10.pfb></us
r/share/texlive/texmf-dist/fonts/type1/public/amsfonts/cm/cmbx12.pfb></usr/shar
e/texlive/texmf-dist/fonts/type1/public/amsfonts/cm/cmbx8.pfb></usr/share/texli
ve/texmf-dist/fonts/type1/public/amsfonts/cm/cmcsc10.pfb></usr/share/texlive/te
xmf-dist/fonts/type1/public/amsfonts/cm/cmex10.pfb></usr/share/texlive/texmf-di
st/fonts/type1/public/amsfonts/cm/cmmi10.pfb></usr/share/texlive/texmf-dist/fon
ts/type1/public/amsfonts/cm/cmmi6.pfb></usr/share/texlive/texmf-dist/fonts/type
1/public/amsfonts/cm/cmmi8.pfb></usr/share/texlive/texmf-dist/fonts/type1/publi
c/amsfonts/cm/cmr10.pfb></usr/share/texlive/texmf-dist/fonts/type1/public/amsfo
nts/cm/cmr12.pfb></usr/share/texlive/texmf-dist/fonts/type1/public/amsfonts/cm/
cmr5.pfb></usr/share/texlive/texmf-dist/fonts/type1/public/amsfonts/cm/cmr6.pfb
></usr/share/texlive/texmf-dist/fonts/type1/public/amsfonts/cm/cmr7.pfb></usr/s
hare/texlive/texmf-dist/fonts/type1/public/amsfonts/cm/cmr8.pfb></usr/share/tex
live/texmf-dist/fonts/type1/public/amsfonts/cm/cmsl10.pfb></usr/share/texlive/t
exmf-dist/fonts/type1/public/amsfonts/cm/cmsy10.pfb></usr/share/texlive/texmf-d
ist/fonts/type1/public/amsfonts/cm/cmsy5.pfb></usr/share/texlive/texmf-dist/fon
ts/type1/public/amsfonts/cm/cmsy6.pfb></usr/share/texlive/texmf-dist/fonts/type
1/public/amsfonts/cm/cmsy7.pfb></usr/share/texlive/texmf-dist/fonts/type1/publi
c/amsfonts/cm/cmsy8.pfb></usr/share/texlive/texmf-dist/fonts/type1/public/amsfo
nts/cm/cmti10.pfb></usr/share/texlive/texmf-dist/fonts/type1/public/amsfonts/cm
/cmtt10.pfb></usr/share/texlive/texmf-dist/fonts/type1/public/amsfonts/symbols/
msam10.pfb></usr/share/texlive/texmf-dist/fonts/type1/public/amsfonts/symbols/m
sam5.pfb></usr/share/texlive/texmf-dist/fonts/type1/public/amsfonts/symbols/msa
m7.pfb>
Output written on radcor_D_2_1_ATB.pdf (85 pages, 3131521 bytes).
PDF statistics:
 3401 PDF objects out of 3580 (max. 8388607)
 2484 compressed objects within 25 object streams
 296 named destinations out of 1000 (max. 500000)
 1071 words of extra memory for PDF output out of 10000 (max. 10000000)

